﻿
> frontend@0.0.0 build
> vite build

[36mvite v5.4.21 [32mbuilding for production...[36m[39m
transforming...
[32mΓ£ô[39m 2345 modules transformed.
node.exe : [31mx[39m Build failed in 3.00s
At C:\Program Files\nodejs\npm.ps1:29 char:3
+   & $NODE_EXE $NPM_CLI_JS $args
+   ~~~~~~~~~~~~~~~~~~~~~~~~~~~~~
    + CategoryInfo          : NotSpecified: ([31mx[39m Build failed in 3.00s:String) [], RemoteException
    + FullyQualifiedErrorId : NativeCommandError
 
[31merror during build:
[31msrc/pages/LoginPage.tsx (7:28): "Github" is not exported by 
"node_modules/lucide-react/dist/esm/lucide-react.mjs", imported by "src/pages/LoginPage.tsx".[31m
file: [36mC:/Users/Arpitha Medharametla/Downloads/Projects/Task Manager/frontend/src/pages/LoginPage.tsx:7:28[31m
[33m
5: import { Link, useNavigate } from 'react-router-dom';
6: import { motion } from 'framer-motion';
7: import { LogIn, Mail, Lock, Github, Globe } from 'lucide-react';
                               ^
8: import toast from 'react-hot-toast';
9: import api from '../services/api';
[31m
    at getRollupError (file:///C:/Users/Arpitha%20Medharametla/Downloads/Projects/Task%20Manager/frontend/node_modules/
rollup/dist/es/shared/parseAst.js:406:41)
    at error (file:///C:/Users/Arpitha%20Medharametla/Downloads/Projects/Task%20Manager/frontend/node_modules/rollup/di
st/es/shared/parseAst.js:402:42)
    at Module.error (file:///C:/Users/Arpitha%20Medharametla/Downloads/Projects/Task%20Manager/frontend/node_modules/ro
llup/dist/es/shared/node-entry.js:17390:16)
    at Module.traceVariable (file:///C:/Users/Arpitha%20Medharametla/Downloads/Projects/Task%20Manager/frontend/node_mo
dules/rollup/dist/es/shared/node-entry.js:17823:29)
    at ModuleScope.findVariable (file:///C:/Users/Arpitha%20Medharametla/Downloads/Projects/Task%20Manager/frontend/nod
e_modules/rollup/dist/es/shared/node-entry.js:15413:39)
    at ReturnValueScope.findVariable (file:///C:/Users/Arpitha%20Medharametla/Downloads/Projects/Task%20Manager/fronten
d/node_modules/rollup/dist/es/shared/node-entry.js:5682:38)
    at FunctionBodyScope.findVariable (file:///C:/Users/Arpitha%20Medharametla/Downloads/Projects/Task%20Manager/fronte
nd/node_modules/rollup/dist/es/shared/node-entry.js:5682:38)
    at Identifier.bind (file:///C:/Users/Arpitha%20Medharametla/Downloads/Projects/Task%20Manager/frontend/node_modules
/rollup/dist/es/shared/node-entry.js:5449:40)
    at CallExpression.bind (file:///C:/Users/Arpitha%20Medharametla/Downloads/Projects/Task%20Manager/frontend/node_mod
ules/rollup/dist/es/shared/node-entry.js:2827:28)
    at CallExpression.bind (file:///C:/Users/Arpitha%20Medharametla/Downloads/Projects/Task%20Manager/frontend/node_mod
ules/rollup/dist/es/shared/node-entry.js:12522:15)[39m
